// Jest Snapshot v1, https://goo.gl/fbAQLP

exports[`PostEditDialog Snapshot matches 1`] = `ShallowWrapper {}`;
