// Jest Snapshot v1, https://goo.gl/fbAQLP

exports[`Post Snapshot matches 1`] = `ShallowWrapper {}`;
