// Jest Snapshot v1, https://goo.gl/fbAQLP

exports[`CommentAdd Snapshot matches 1`] = `ShallowWrapper {}`;
