// Jest Snapshot v1, https://goo.gl/fbAQLP

exports[`CommentEditForm Snapshot matches 1`] = `ShallowWrapper {}`;
