// Jest Snapshot v1, https://goo.gl/fbAQLP

exports[`CommentListItem Snapshot matches 1`] = `
ShallowWrapper {
  Symbol(enzyme.__root__): [Circular],
  Symbol(enzyme.__unrendered__): <BrowserRouter>
    <WithStyles(CommentListItem)
      comments={
        Array [
          Object {
            "_id": "5bcc554259e0dbfda6ed1a55",
            "body": "string",
            "postId": "5bcc554259e0dbfda6ed1a55",
            "userId": "5bcc554259e0dbfda6ed1a55",
          },
        ]
      }
      currentUser={undefined}
      handleOpenDeleteDialog={[MockFunction]}
      handleOpenEditDialog={[MockFunction]}
      loading={false}
      users={
        Array [
          Object {
            "_id": "5bcc554259e0dbfda6ed1a55",
            "email": "string",
            "name": "string",
          },
        ]
      }
      usersLoading={false}
    />
  </BrowserRouter>,
  Symbol(enzyme.__renderer__): Object {
    "batchedUpdates": [Function],
    "getNode": [Function],
    "render": [Function],
    "simulateError": [Function],
    "simulateEvent": [Function],
    "unmount": [Function],
  },
  Symbol(enzyme.__node__): Object {
    "instance": null,
    "key": undefined,
    "nodeType": "class",
    "props": Object {
      "children": <WithStyles(CommentListItem)
        comments={
          Array [
            Object {
              "_id": "5bcc554259e0dbfda6ed1a55",
              "body": "string",
              "postId": "5bcc554259e0dbfda6ed1a55",
              "userId": "5bcc554259e0dbfda6ed1a55",
            },
          ]
        }
        currentUser={undefined}
        handleOpenDeleteDialog={[MockFunction]}
        handleOpenEditDialog={[MockFunction]}
        loading={false}
        users={
          Array [
            Object {
              "_id": "5bcc554259e0dbfda6ed1a55",
              "email": "string",
              "name": "string",
            },
          ]
        }
        usersLoading={false}
      />,
      "history": Object {
        "action": "POP",
        "block": [Function],
        "createHref": [Function],
        "go": [Function],
        "goBack": [Function],
        "goForward": [Function],
        "length": 1,
        "listen": [Function],
        "location": Object {
          "hash": "",
          "pathname": "/",
          "search": "",
          "state": undefined,
        },
        "push": [Function],
        "replace": [Function],
      },
    },
    "ref": null,
    "rendered": Object {
      "instance": null,
      "key": undefined,
      "nodeType": "class",
      "props": Object {
        "comments": Array [
          Object {
            "_id": "5bcc554259e0dbfda6ed1a55",
            "body": "string",
            "postId": "5bcc554259e0dbfda6ed1a55",
            "userId": "5bcc554259e0dbfda6ed1a55",
          },
        ],
        "currentUser": undefined,
        "handleOpenDeleteDialog": [MockFunction],
        "handleOpenEditDialog": [MockFunction],
        "loading": false,
        "users": Array [
          Object {
            "_id": "5bcc554259e0dbfda6ed1a55",
            "email": "string",
            "name": "string",
          },
        ],
        "usersLoading": false,
      },
      "ref": null,
      "rendered": null,
      "type": [Function],
    },
    "type": [Function],
  },
  Symbol(enzyme.__nodes__): Array [
    Object {
      "instance": null,
      "key": undefined,
      "nodeType": "class",
      "props": Object {
        "children": <WithStyles(CommentListItem)
          comments={
            Array [
              Object {
                "_id": "5bcc554259e0dbfda6ed1a55",
                "body": "string",
                "postId": "5bcc554259e0dbfda6ed1a55",
                "userId": "5bcc554259e0dbfda6ed1a55",
              },
            ]
          }
          currentUser={undefined}
          handleOpenDeleteDialog={[MockFunction]}
          handleOpenEditDialog={[MockFunction]}
          loading={false}
          users={
            Array [
              Object {
                "_id": "5bcc554259e0dbfda6ed1a55",
                "email": "string",
                "name": "string",
              },
            ]
          }
          usersLoading={false}
        />,
        "history": Object {
          "action": "POP",
          "block": [Function],
          "createHref": [Function],
          "go": [Function],
          "goBack": [Function],
          "goForward": [Function],
          "length": 1,
          "listen": [Function],
          "location": Object {
            "hash": "",
            "pathname": "/",
            "search": "",
            "state": undefined,
          },
          "push": [Function],
          "replace": [Function],
        },
      },
      "ref": null,
      "rendered": Object {
        "instance": null,
        "key": undefined,
        "nodeType": "class",
        "props": Object {
          "comments": Array [
            Object {
              "_id": "5bcc554259e0dbfda6ed1a55",
              "body": "string",
              "postId": "5bcc554259e0dbfda6ed1a55",
              "userId": "5bcc554259e0dbfda6ed1a55",
            },
          ],
          "currentUser": undefined,
          "handleOpenDeleteDialog": [MockFunction],
          "handleOpenEditDialog": [MockFunction],
          "loading": false,
          "users": Array [
            Object {
              "_id": "5bcc554259e0dbfda6ed1a55",
              "email": "string",
              "name": "string",
            },
          ],
          "usersLoading": false,
        },
        "ref": null,
        "rendered": null,
        "type": [Function],
      },
      "type": [Function],
    },
  ],
  Symbol(enzyme.__options__): Object {
    "adapter": ReactSixteenAdapter {
      "options": Object {
        "enableComponentDidUpdateOnSetState": true,
        "lifecycles": Object {
          "componentDidUpdate": Object {
            "onSetState": true,
          },
          "getDerivedStateFromProps": true,
          "getSnapshotBeforeUpdate": true,
          "setState": Object {
            "skipsComponentDidUpdateOnNullish": true,
          },
        },
      },
    },
  },
}
`;
