// Jest Snapshot v1, https://goo.gl/fbAQLP

exports[`DeleteDialog Snapshot matches 1`] = `ShallowWrapper {}`;
