// Jest Snapshot v1, https://goo.gl/fbAQLP

exports[`PostAdd Snapshot matches 1`] = `ShallowWrapper {}`;
