// Jest Snapshot v1, https://goo.gl/fbAQLP

exports[`AppNavbar Snapshot matches 1`] = `ShallowWrapper {}`;
